/*---------------------------------------------------------------------------*\
| =========                 |                                                 |
| \\      /  F ield         | OpenFOAM: The Open Source CFD Toolbox           |
|  \\    /   O peration     | Version:  2212                                  |
|   \\  /    A nd           | Website:  www.openfoam.com                      |
|    \\/     M anipulation  |                                                 |
\*---------------------------------------------------------------------------*/
Build  : _70874860-20230612 OPENFOAM=2212 patch=230612 version=2212
Arch   : "LSB;label=32;scalar=64"
Exec   : decomposePar
Date   : Sep 08 2026
Time   : 17:07:49
Host   : f822cdb58e85
PID    : 236
I/O    : uncollated
Case   : /data/phaseforge_channel_3d_coarse
nProcs : 1
trapFpe: Floating point exception trapping enabled (FOAM_SIGFPE).
fileModificationChecking : Monitoring run-time modified files using timeStampMaster (fileModificationSkew 5, maxFileModificationPolls 20)
allowSystemOperations : Allowing user-supplied system call operations

// * * * * * * * * * * * * * * * * * * * * * * * * * * * * * * * * * * * * * //
Create time



Decomposing mesh

Create mesh

Calculating distribution of cells
Decomposition method simple [4] (region region0)

Finished decomposition in 0.06 s

Calculating original mesh data

Distributing cells to processors

Distributing faces to processors

Distributing points to processors

Constructing processor meshes

Processor 0
    Number of cells = 15360
    Number of points = 17425
    Number of faces shared with processor 1 = 384
    Number of processor patches = 1
    Number of processor faces = 384
    Number of boundary faces = 3584

Processor 1
    Number of cells = 15360
    Number of points = 17425
    Number of faces shared with processor 0 = 384
    Number of faces shared with processor 2 = 384
    Number of processor patches = 2
    Number of processor faces = 768
    Number of boundary faces = 3200

Processor 2
    Number of cells = 15360
    Number of points = 17425
    Number of faces shared with processor 1 = 384
    Number of faces shared with processor 3 = 384
    Number of processor patches = 2
    Number of processor faces = 768
    Number of boundary faces = 3200

Processor 3
    Number of cells = 15360
    Number of points = 17425
    Number of faces shared with processor 2 = 384
    Number of processor patches = 1
    Number of processor faces = 384
    Number of boundary faces = 3584

Number of processor faces = 1152
Max number of cells = 15360 (0% above average 15360)
Max number of processor patches = 2 (33.3333% above average 1.5)
Max number of faces between processors = 768 (33.3333% above average 576)

Time = 0

Processor 0: field transfer
Processor 1: field transfer
Processor 2: field transfer
Processor 3: field transfer

End

