/*---------------------------------------------------------------------------*\
| =========                 |                                                 |
| \\      /  F ield         | OpenFOAM: The Open Source CFD Toolbox           |
|  \\    /   O peration     | Version:  2212                                  |
|   \\  /    A nd           | Website:  www.openfoam.com                      |
|    \\/     M anipulation  |                                                 |
\*---------------------------------------------------------------------------*/
Build  : _70874860-20230612 OPENFOAM=2212 patch=230612 version=2212
Arch   : "LSB;label=32;scalar=64"
Exec   : foamToVTK
Date   : Sep 08 2026
Time   : 17:54:06
Host   : d24a6d2e1d65
PID    : 255
I/O    : uncollated
Case   : /data/phaseforge_channel_3d
nProcs : 1
trapFpe: Floating point exception trapping enabled (FOAM_SIGFPE).
fileModificationChecking : Monitoring run-time modified files using timeStampMaster (fileModificationSkew 5, maxFileModificationPolls 20)
allowSystemOperations : Allowing user-supplied system call operations

// * * * * * * * * * * * * * * * * * * * * * * * * * * * * * * * * * * * * * //
Create time

Initial memory 117076 kB
Create mesh for time = 0

VTK mesh topology: 2.9 s, 211228 kB
Time: 0
    volScalar    : alpha.water alpha.water.org p_rgh
    volVector    : U
    Internal  : "VTK/phaseforge_channel_3d_0/internal.vtu"
    Boundary  : "VTK/phaseforge_channel_3d_0/boundary/inlet.vtp"
    Boundary  : "VTK/phaseforge_channel_3d_0/boundary/outlet.vtp"
    Boundary  : "VTK/phaseforge_channel_3d_0/boundary/walls.vtp"
Wrote in 2.85 s, 511080 kB
Time: 0.02
    volScalar    : alpha.water p p_rgh
    volVector    : U
    Internal  : "VTK/phaseforge_channel_3d_84/internal.vtu"
    Boundary  : "VTK/phaseforge_channel_3d_84/boundary/inlet.vtp"
    Boundary  : "VTK/phaseforge_channel_3d_84/boundary/outlet.vtp"
    Boundary  : "VTK/phaseforge_channel_3d_84/boundary/walls.vtp"
Wrote in 3.1 s, 488040 kB
Time: 0.04
    volScalar    : alpha.water p p_rgh
    volVector    : U
    Internal  : "VTK/phaseforge_channel_3d_157/internal.vtu"
    Boundary  : "VTK/phaseforge_channel_3d_157/boundary/inlet.vtp"
    Boundary  : "VTK/phaseforge_channel_3d_157/boundary/outlet.vtp"
    Boundary  : "VTK/phaseforge_channel_3d_157/boundary/walls.vtp"
Wrote in 3.18 s, 488040 kB
Time: 0.06
    volScalar    : alpha.water p p_rgh
    volVector    : U
    Internal  : "VTK/phaseforge_channel_3d_232/internal.vtu"
    Boundary  : "VTK/phaseforge_channel_3d_232/boundary/inlet.vtp"
    Boundary  : "VTK/phaseforge_channel_3d_232/boundary/outlet.vtp"
    Boundary  : "VTK/phaseforge_channel_3d_232/boundary/walls.vtp"
Wrote in 3.16 s, 488040 kB
Time: 0.08
    volScalar    : alpha.water p p_rgh
    volVector    : U
    Internal  : "VTK/phaseforge_channel_3d_311/internal.vtu"
    Boundary  : "VTK/phaseforge_channel_3d_311/boundary/inlet.vtp"
    Boundary  : "VTK/phaseforge_channel_3d_311/boundary/outlet.vtp"
    Boundary  : "VTK/phaseforge_channel_3d_311/boundary/walls.vtp"
Wrote in 2.98 s, 488040 kB

End: 18.17 s, 523248 kB (peak)

