/*---------------------------------------------------------------------------*\
| =========                 |                                                 |
| \\      /  F ield         | OpenFOAM: The Open Source CFD Toolbox           |
|  \\    /   O peration     | Version:  2212                                  |
|   \\  /    A nd           | Website:  www.openfoam.com                      |
|    \\/     M anipulation  |                                                 |
\*---------------------------------------------------------------------------*/
Build  : _70874860-20230612 OPENFOAM=2212 patch=230612 version=2212
Arch   : "LSB;label=32;scalar=64"
Exec   : checkMesh
Date   : Sep 08 2026
Time   : 17:10:57
Host   : d24a6d2e1d65
PID    : 232
I/O    : uncollated
Case   : /data/phaseforge_channel_3d
nProcs : 1
trapFpe: Floating point exception trapping enabled (FOAM_SIGFPE).
fileModificationChecking : Monitoring run-time modified files using timeStampMaster (fileModificationSkew 5, maxFileModificationPolls 20)
allowSystemOperations : Allowing user-supplied system call operations

// * * * * * * * * * * * * * * * * * * * * * * * * * * * * * * * * * * * * * //
Create time

Create mesh for time = 0

Time = 0

Mesh stats 
    points:           519057
    faces:            1501696
    internal faces:   1447424
    cells:            491520
    faces per cell:   6
    boundary patches: 3
    point zones:      0
    face zones:       0
    cell zones:       0

Overall number of cells of each type:
    hexahedra:     491520
    prisms:        0
    wedges:        0
    pyramids:      0
    tet wedges:    0
    tetrahedra:    0
    polyhedra:     0

Checking topology...
    Boundary definition OK.
    Cell to face addressing OK.
    Point usage OK.
    Upper triangular ordering OK.
    Face vertices OK.
    Number of regions: 1 (OK).

Checking patch topology for multiply connected surfaces...
    Patch               Faces    Points   Surface topology
    inlet               1536     1617     ok (non-closed singly connected)  
    outlet              1536     1617     ok (non-closed singly connected)  
    walls               51200    51360    ok (non-closed singly connected)  

Checking faceZone topology for multiply connected surfaces...
    No faceZones found.

Checking basic cellZone addressing...
    No cellZones found.

Checking basic pointZone addressing...
    No pointZones found.

Checking geometry...
    Overall domain bounding box (0 0 0) (0.02 0.003 0.002)
    Mesh has 3 geometric (non-empty/wedge) directions (1 1 1)
    Mesh has 3 solution (non-empty) directions (1 1 1)
    Boundary openness (-2.49715e-18 2.05078e-17 9.48917e-18) OK.
    Max cell openness = 1.05879e-16 OK.
    Max aspect ratio = 1 OK.
    Minimum face area = 3.90625e-09. Maximum face area = 3.90625e-09.  Face area magnitudes OK.
    Min volume = 2.44141e-13. Max volume = 2.44141e-13.  Total volume = 1.2e-07.  Cell volumes OK.
    Mesh non-orthogonality Max: 0 average: 0
    Non-orthogonality check OK.
    Face pyramids OK.
    Max skewness = 3.33067e-13 OK.
    Coupled point location match (average 0) OK.

Mesh OK.

End

