/*---------------------------------------------------------------------------*\
| =========                 |                                                 |
| \\      /  F ield         | OpenFOAM: The Open Source CFD Toolbox           |
|  \\    /   O peration     | Version:  2212                                  |
|   \\  /    A nd           | Website:  www.openfoam.com                      |
|    \\/     M anipulation  |                                                 |
\*---------------------------------------------------------------------------*/
Build  : _70874860-20230612 OPENFOAM=2212 patch=230612 version=2212
Arch   : "LSB;label=32;scalar=64"
Exec   : checkMesh
Date   : Sep 08 2026
Time   : 17:07:44
Host   : f822cdb58e85
PID    : 232
I/O    : uncollated
Case   : /data/phaseforge_channel_3d_coarse
nProcs : 1
trapFpe: Floating point exception trapping enabled (FOAM_SIGFPE).
fileModificationChecking : Monitoring run-time modified files using timeStampMaster (fileModificationSkew 5, maxFileModificationPolls 20)
allowSystemOperations : Allowing user-supplied system call operations

// * * * * * * * * * * * * * * * * * * * * * * * * * * * * * * * * * * * * * //
Create time

Create mesh for time = 0

Time = 0

Mesh stats 
    points:           68425
    faces:            191104
    internal faces:   177536
    cells:            61440
    faces per cell:   6
    boundary patches: 3
    point zones:      0
    face zones:       0
    cell zones:       0

Overall number of cells of each type:
    hexahedra:     61440
    prisms:        0
    wedges:        0
    pyramids:      0
    tet wedges:    0
    tetrahedra:    0
    polyhedra:     0

Checking topology...
    Boundary definition OK.
    Cell to face addressing OK.
    Point usage OK.
    Upper triangular ordering OK.
    Face vertices OK.
    Number of regions: 1 (OK).

Checking patch topology for multiply connected surfaces...
    Patch               Faces    Points   Surface topology
    inlet               384      425      ok (non-closed singly connected)  
    outlet              384      425      ok (non-closed singly connected)  
    walls               12800    12880    ok (non-closed singly connected)  

Checking faceZone topology for multiply connected surfaces...
    No faceZones found.

Checking basic cellZone addressing...
    No cellZones found.

Checking basic pointZone addressing...
    No pointZones found.

Checking geometry...
    Overall domain bounding box (0 0 0) (0.02 0.003 0.002)
    Mesh has 3 geometric (non-empty/wedge) directions (1 1 1)
    Mesh has 3 solution (non-empty) directions (1 1 1)
    Boundary openness (2.25992e-17 1.75893e-17 -4.69464e-17) OK.
    Max cell openness = 1.05879e-16 OK.
    Max aspect ratio = 1 OK.
    Minimum face area = 1.5625e-08. Maximum face area = 1.5625e-08.  Face area magnitudes OK.
    Min volume = 1.95312e-12. Max volume = 1.95313e-12.  Total volume = 1.2e-07.  Cell volumes OK.
    Mesh non-orthogonality Max: 0 average: 0
    Non-orthogonality check OK.
    Face pyramids OK.
    Max skewness = 1.66534e-13 OK.
    Coupled point location match (average 0) OK.

Mesh OK.

End

