/*---------------------------------------------------------------------------*\
| =========                 |                                                 |
| \\      /  F ield         | OpenFOAM: The Open Source CFD Toolbox           |
|  \\    /   O peration     | Version:  2212                                  |
|   \\  /    A nd           | Website:  www.openfoam.com                      |
|    \\/     M anipulation  |                                                 |
\*---------------------------------------------------------------------------*/
Build  : _70874860-20230612 OPENFOAM=2212 patch=230612 version=2212
Arch   : "LSB;label=32;scalar=64"
Exec   : blockMesh
Date   : Sep 08 2026
Time   : 16:18:20
Host   : c8f6a4c8e8fa
PID    : 231
I/O    : uncollated
Case   : /data/official_damBreak
nProcs : 1
trapFpe: Floating point exception trapping enabled (FOAM_SIGFPE).
fileModificationChecking : Monitoring run-time modified files using timeStampMaster (fileModificationSkew 5, maxFileModificationPolls 20)
allowSystemOperations : Allowing user-supplied system call operations

// * * * * * * * * * * * * * * * * * * * * * * * * * * * * * * * * * * * * * //
Create time

Creating block mesh from "system/blockMeshDict"
--> FOAM IOWarning :
    Found [v1012] 'convertToMeters' entry instead of 'scale' in dictionary "system/blockMeshDict"

    This keyword is 144 months old.

Creating block edges
No non-planar block faces defined
Creating topology blocks

Creating topology patches - from boundary section

Creating block mesh topology - scaling/transform applied later

Check topology

	Basic statistics
		Number of internal faces : 0
		Number of boundary faces : 6
		Number of defined boundary faces : 6
		Number of undefined boundary faces : 0
	Checking patch -> block consistency

Creating block offsets
Creating merge list (topological search)...

Creating polyMesh from blockMesh
Creating patches
Creating cells
Creating points with scale (0.146 0.146 0.146)
    Block 0 cell size :
        i : 0.0073 .. 0.0073
        j : 0.0073 .. 0.0073
        k : 0.0146 .. 0.0146

No patch pairs to merge

Writing polyMesh with 0 cellZones
----------------
Mesh Information
----------------
  boundingBox: (0 0 0) (0.292 0.292 0.0146)
  nPoints: 3362
  nCells: 1600
  nFaces: 6480
  nInternalFaces: 3120
----------------
Patches
----------------
  patch 0 (start: 3120 size: 40) name: leftWall
  patch 1 (start: 3160 size: 40) name: rightWall
  patch 2 (start: 3200 size: 40) name: lowerWall
  patch 3 (start: 3240 size: 40) name: atmosphere
  patch 4 (start: 3280 size: 3200) name: defaultFaces

End

